
Benchmarks complete for C:\Users\patri\Github\Model-Training\ultralytics\runs\detect\yolo26n\weights\best.pt on african-wildlife.yaml at imgsz=640 (123.58s)
Benchmarks legend:  - ✅ Success  - ❎ Export passed but validation failed  - ❌️ Export failed
+-----------------------------------------------------------------------------------------------------------+
|      Format                  Status❔   Size (MB)   metrics/mAP50-95(B)   Inference time (ms/im)   FPS    |
+===========================================================================================================+
| 1    PyTorch                 ✅         5.1         0.8121                7.68                     130.26 |
| 2    TorchScript             ✅         9.6         0.8069                4.05                     246.85 |
| 3    ONNX                    ❎         9.4         -                     -                        -      |
| 4    OpenVINO                ❌         0.0         -                     -                        -      |
| 5    TensorRT                ❌         0.0         -                     -                        -      |
| 6    CoreML                  ❌         0.0         -                     -                        -      |
| 7    TensorFlow SavedModel   ❌         0.0         -                     -                        -      |
| 8    TensorFlow GraphDef     ❌         0.0         -                     -                        -      |
| 9    TensorFlow Lite         ❌         0.0         -                     -                        -      |
| 10   TensorFlow Edge TPU     ❌         0.0         -                     -                        -      |
| 11   TensorFlow.js           ❌         0.0         -                     -                        -      |
| 12   PaddlePaddle            ❌         0.0         -                     -                        -      |
| 13   MNN                     ✅         9.2         0.8068                14.71                    67.98  |
| 14   NCNN                    ✅         9.3         0.8307                14.99                    66.73  |
| 15   IMX                     ❌         0.0         -                     -                        -      |
| 16   RKNN                    ❌         0.0         -                     -                        -      |
| 17   ExecuTorch              ❌         0.0         -                     -                        -      |
| 18   Axelera AI              ❌         0.0         -                     -                        -      |
+-----------------------------------------------------------------------------------------------------------+

Benchmarks complete for C:\Users\patri\Github\Model-Training\ultralytics\runs\detect\rtdetr-l\weights\best.pt on coco8.yaml at imgsz=640 (3.36s)
Benchmarks legend:  - ✅ Success  - ❎ Export passed but validation failed  - ❌️ Export failed
+--------------------------------------------------------------------------------------------------------+
|      Format                  Status❔   Size (MB)   metrics/mAP50-95(B)   Inference time (ms/im)   FPS |
+========================================================================================================+
| 1    PyTorch                 ❎         63.2        -                     -                        -   |
| 2    TorchScript             ❌         0.0         -                     -                        -   |
| 3    ONNX                    ❌         0.0         -                     -                        -   |
| 4    OpenVINO                ❌         0.0         -                     -                        -   |
| 5    TensorRT                ❌         0.0         -                     -                        -   |
| 6    CoreML                  ❌         0.0         -                     -                        -   |
| 7    TensorFlow SavedModel   ❌         0.0         -                     -                        -   |
| 8    TensorFlow GraphDef     ❌         0.0         -                     -                        -   |
| 9    TensorFlow Lite         ❌         0.0         -                     -                        -   |
| 10   TensorFlow Edge TPU     ❌         0.0         -                     -                        -   |
| 11   TensorFlow.js           ❌         0.0         -                     -                        -   |
| 12   PaddlePaddle            ❌         0.0         -                     -                        -   |
| 13   MNN                     ❌         0.0         -                     -                        -   |
| 14   NCNN                    ❌         0.0         -                     -                        -   |
| 15   IMX                     ❌         0.0         -                     -                        -   |
| 16   RKNN                    ❌         0.0         -                     -                        -   |
| 17   ExecuTorch              ❌         0.0         -                     -                        -   |
| 18   Axelera AI              ❌         0.0         -                     -                        -   |
+--------------------------------------------------------------------------------------------------------+
